09-13 20:14:20.388  2886  2886 I EPDG -- SIM0 [SMARTCELLULAR]: onSignalStrengthsChanged: SignalStrength:{mCdma=Invalid,mGsm=Invalid,mWcdma=Invalid,mTdscdma=Invalid,mLte=CellSignalStrengthLte: rssi=-91 rsrp=-117 rsrq=-9 rssnr=4 cqiTableIndex=2147483647 cqi=2147483647 ta=2147483647 level=2 parametersUseForLevel=0,mNr=Invalid,SignalBarInfo{ lteLevel=2 },rat=14,primary=CellSignalStrengthLte}
09-13 20:14:20.389  2886  3914 I EPDG -- SIM0 [SMARTCELLULAR]: lastLteRSRP is -116 currentLteRSRP is -117 lastLteRSRQ is -9 currentLteRSRQ is -9 lastLteSNR is 5 currentLteSNR is 4
09-13 20:14:20.389  2781  2781 D StatusBarIconController: ignoring old pipeline callbacks, because the new mobile icons are enabled
09-13 20:14:20.389  2886  3459 I EPDG -- SIM0 [EpdgRunnable]: Start mWiFiMeasurement
09-13 20:14:20.389  2886  3459 I EPDG -- SIM0 [EpdgSubScription]: getIsImsCallConnected: returning: false
09-13 20:14:20.499  1585  1631 E Watchdog: !@Sync: 628 heap: 102 / 123 FD: 1210 [2025-09-13 20:14:20.498]
09-13 20:14:21.373   631   631 D io_stats: !@   8,0 r 1306676 35291708 w 722042 9833736 d 232112 10777660 f 0 0 iot 721692 0 th 0 0 0 pt 0 inp 0 0 18867.861
09-13 20:14:22.236  1146  1146 E audit   : type=1400 audit(1757774662.230:38173): avc:  denied  { kill } for  pid=0 comm="swapper/0" capability=5  scontext=u:r:kernel:s0 tcontext=u:r:kernel:s0 tclass=capability permissive=0 SEPF_SM-A235F_12_0001 audit_filtered
09-13 20:14:22.588  1585  6432 D SemWifiUsabilityStatsMonitor: onWifiUsabilityStats - seqNum 1655, isSameBssidAndFreq true
09-13 20:14:22.589  1585  2668 I SemWifiLinkQualityMonitor: Link stat: 1381 / 161 / 1.17 (28) / 72 / -51.0 || 100.0 : 72.00 / B (B) || 0.19 ms / 41.53 Mbps / N || 0 / N / 0 N / 0 Y
09-13 20:14:22.625  2781  2781 D MobileSignalTransitionManager: updateSignalTransition
09-13 20:14:22.626  2781  2781 D StatusBarIconController: ignoring old pipeline callbacks, because the new mobile icons are enabled
09-13 20:14:22.627  2886  2886 I EPDG -- SIM0 [SMARTCELLULAR]: onSignalStrengthsChanged: SignalStrength:{mCdma=Invalid,mGsm=Invalid,mWcdma=Invalid,mTdscdma=Invalid,mLte=CellSignalStrengthLte: rssi=-89 rsrp=-118 rsrq=-9 rssnr=4 cqiTableIndex=2147483647 cqi=2147483647 ta=2147483647 level=2 parametersUseForLevel=0,mNr=Invalid,SignalBarInfo{ lteLevel=1 },rat=14,primary=CellSignalStrengthLte}
09-13 20:14:22.627  2886  3914 I EPDG -- SIM0 [SMARTCELLULAR]: lastLteRSRP is -117 currentLteRSRP is -118 lastLteRSRQ is -9 currentLteRSRQ is -9 lastLteSNR is 4 currentLteSNR is 4
09-13 20:14:22.628  2886  3459 I EPDG -- SIM0 [EpdgRunnable]: Start mWiFiMeasurement
09-13 20:14:22.628  2886  3459 I EPDG -- SIM0 [EpdgSubScription]: getIsImsCallConnected: returning: false
09-13 20:14:22.661  1450  1450 I SurfaceFlinger: SFWD update time=18869150299934
09-13 20:14:22.667  1450  1450 D SurfaceFlinger: GPIS:: requestGPISForClientComposition
09-13 20:14:22.676  1450  2489 D NativeSemDvfsManager: acquire:: timeout = 2000 mIsAcquired = 1  mTagName : SurfaceFlinger 
09-13 20:14:22.677  1274  1372 I HYPER-HAL: [RequestManager.cpp]acquire(): Acquired ID : 3003475  [1450 / 1000]    HINT : SF_GPU_MINLOCK    list : [TIMEOUT / 2000] 
09-13 20:14:22.677  1450  2489 E NativeCustomFrequencyManager: [NativeCFMS] BpCustomFrequencyManager::acquire()
09-13 20:14:22.677  1450  1493 I VSyncReactor: Current= 60, Period= 60, hwcPeriod= 60
09-13 20:14:22.696  1766  4312 D BufferPoolAccessor2.0: bufferpool2 0xb400007d4e050e28 : 1(235 size) total buffers - 1(235 size) used buffers - 100/213 (recycle/alloc) - 115/212 (fetch/transfer)
09-13 20:14:22.815  3456  3462 I NearbyMediums: No BLE Fast/GATT advertisements found in the latest cycle.
09-13 20:14:22.815  3456  3462 I NearbyMediums: Current Tracked Scanning Clients are : {NearbyConnections.EnvironmentMonitor, NearbyConnections.TxAdvertisement}
09-13 20:14:23.373   631   631 D io_stats: !@   8,0 r 1306676 35291708 w 722204 9834532 d 232193 10778408 f 0 0 iot 721740 0 th 0 0 0 pt 0 inp 0 0 18869.862
09-13 20:14:24.685  1274  5159 I HYPER-HAL: [RequestManager.cpp]releaseLocked(): Released ID : 3003475
09-13 20:14:25.014  1248  1248 I android.hardware.health@2.1-service-samsung: updateLrpSysfs: write: 339
09-13 20:14:25.300  1585  1806 D BatteryExternalStatsWorker: update stats : update-network-netlog (6)
09-13 20:14:25.300  1585  1806 D BatteryExternalStatsWorker: Fetch WiFi data
09-13 20:14:25.300  1585  1806 D BatteryExternalStatsWorker: Update Rail Energy data
09-13 20:14:25.300  1585  1806 D BatteryExternalStatsWorker: Fetch modem data
09-13 20:14:25.314  1585  3518 D TelephonyManager: requestModemActivityInfo: Sending result to app: ModemActivityInfo{ mTimestamp=35436108 mSleepTimeMs=21118361 mIdleTimeMs=4393409 mActivityStatsTechSpecificInfo=[{mRat=UNKNOWN,mFrequencyRange=UNKNOWN,mTxTimeMs[]=[310973, 123275, 177359, 340698, 443476],mRxTimeMs=8523988}]}
09-13 20:14:25.315  1585  1806 D BatteryExternalStatsWorker: mStats lock released
09-13 20:14:25.322  1585  1806 D BatteryExternalStatsWorker: Update wifi state
09-13 20:14:25.325  1585  1806 D BatteryExternalStatsWorker: Update modem state
09-13 20:14:25.325  1585  1806 D BatteryExternalStatsWorker: done updateExternalStatsLocked
09-13 20:14:25.374   631   631 D io_stats: !@   8,0 r 1306676 35291708 w 722216 9836104 d 232193 10778408 f 0 0 iot 721760 0 th 0 0 0 pt 0 inp 0 0 18871.863
09-13 20:14:25.603  1585  6432 D SemWifiUsabilityStatsMonitor: onWifiUsabilityStats - seqNum 1656, isSameBssidAndFreq true
09-13 20:14:25.603  1585  2668 I SemWifiLinkQualityMonitor: Link stat: 2055 / 436 / 1.06 (83) / 72 / -51.0 || 100.0 : 72.00 / B (B) || 0.20 ms / 39.51 Mbps / N || 0 / N / 0 N / 0 Y
09-13 20:14:26.538  4751  4751 I SDHMS:LOAD: type: LoadsFreqs, value: 0:0:0:1104384:1766400:1056000:1104384:1766400:1056000:600:600:600
09-13 20:14:26.620  1585  2599 W DeviceStorageMonitorService: check(/data) oldLevel:2, newLevel:2 (usableBytes=3403538432)
09-13 20:14:26.620  1585  2599 W DeviceStorageMonitorService: updateBroadcasts(/data) oldLevel:2, newLevel:2, seq:1
09-13 20:14:26.621  1585  2599 D DeviceStorageMonitorService: Available File Node Number is [13318313]
09-13 20:14:26.621  1585  2599 W DeviceStorageMonitorService: updateBroadcasts_filenode(/data) fn_oldLevel:0, fn_newLevel:0, seq:1
09-13 20:14:27.500  1674  1674 I CNSS    : cnss_open_log_file: directory /data/vendor/log/wifi/ created
09-13 20:14:28.628  1585  6432 D SemWifiUsabilityStatsMonitor: onWifiUsabilityStats - seqNum 1657, isSameBssidAndFreq true
09-13 20:14:28.630  1585  2668 I SemWifiLinkQualityMonitor: Link stat: 1922 / 189 / 1.05 (60) / 72 / -52.0 || 100.0 : 72.00 / B (B) || 0.19 ms / 41.89 Mbps / N || 0 / N / 0 N / 0 Y
09-13 20:14:28.940  1271  3939 I sensors-hal: handle_sns_client_event:229, auto_rotation_event_2: mode:255, type:1:0/0.608,-0.361,9.789, ar:0
09-13 20:14:29.624 26446 26446 I wpa_supplicant: Heartbeat 191
09-13 20:14:29.703  1766  2112 D BufferPoolAccessor2.0: bufferpool2 0xb400007d4e050e28 : 4(716 size) total buffers - 0(0 size) used buffers - 107/223 (recycle/alloc) - 119/223 (fetch/transfer)
09-13 20:14:29.703  1766  2112 D BufferPoolAccessor2.0: evictor expired: 1, evicted: 1
09-13 20:14:31.377   631   631 D io_stats: !@   8,0 r 1306676 35291708 w 722230 9838032 d 232193 10778408 f 0 0 iot 721788 0 th 0 0 0 pt 0 inp 0 0 18877.865
09-13 20:14:31.641  1585  6432 D SemWifiUsabilityStatsMonitor: onWifiUsabilityStats - seqNum 1658, isSameBssidAndFreq true
09-13 20:14:31.642  1585  2668 I SemWifiLinkQualityMonitor: Link stat: 1128 / 159 / 1.05 (65) / 72 / -51.0 || 100.0 : 72.00 / B (B) || 0.19 ms / 41.04 Mbps / N || 0 / N / 0 N / 0 Y
09-13 20:14:34.666  1585  6432 D SemWifiUsabilityStatsMonitor: onWifiUsabilityStats - seqNum 1659, isSameBssidAndFreq true
09-13 20:14:34.666  1585  2668 I SemWifiLinkQualityMonitor: Link stat: 230 / 25 / 1.14 (8) / 72 / -53.0 || 100.0 : 72.00 / B (B) || 0.19 ms / 41.69 Mbps / N || 0 / N / 0 N / 0 Y
09-13 20:14:35.563  2861 26450 W AlarmManager: Unrecognized alarm listener com.android.networkstack.android.net.ip.IpClientLinkObserver$Dhcp6PdPreferredPrefixAlarmListener@ba7b533
09-13 20:14:35.563  1165  1205 W Netd    : No subsystem found in netlink event
09-13 20:14:35.565  2886  3459 I EPDG -- SIM0 [EpdgNetworkMgmtObserver]: EpdgAddressUpdated: address: Suppressed iface: SuppressedmFqdnRetryCount : 0
09-13 20:14:35.565  2886  3459 I EPDG -- SIM0 [EpdgSubScription]: isValidAddress: returning result: true
09-13 20:14:35.565  2886  3459 I EPDG -- SIM0 [EpdgSubScription]: getConfiguredWifiIntfIpType: returning ip type as: IP_TYPE_V4V6
09-13 20:14:35.565  2886  3459 I EPDG -- SIM0 [EpdgNetworkMgmtObserver]: EpdgAddressUpdated: address: Suppressed iface: SuppressedmFqdnRetryCount : 0
09-13 20:14:35.565  2886  3459 I EPDG -- SIM0 [EpdgSubScription]: isValidAddress: returning result: true
09-13 20:14:35.565  2886  3459 I EPDG -- SIM0 [EpdgSubScription]: getConfiguredWifiIntfIpType: returning ip type as: IP_TYPE_V4V6
09-13 20:14:35.565  2861 26450 D ApfFilter: (wlan0): Adding RA fe80::c6e9:aff:fe34:7f7d -> ff02::1 0s fd01::/64 300s/300s DNS 4294967295s fe80::c6e9:aff:fe34:7f7d RIO 4294967295s ::/0 
09-13 20:14:35.565  2886  2886 I EPDG -- SIM0 [EpdgIntfCont]: Not Mobile Interface. Ignoring Event
09-13 20:14:35.566  2886  2886 I EPDG -- SIM0 [EpdgIntfCont]: Not Mobile Interface. Ignoring Event
09-13 20:14:35.566  2886  2886 I EPDG -- SIM1 [EpdgIntfCont]: Not Mobile Interface. Ignoring Event
09-13 20:14:35.566  2886  2886 I EPDG -- SIM1 [EpdgIntfCont]: Not Mobile Interface. Ignoring Event
09-13 20:14:35.787  1585  2722 D NetdEventListenerService: DNS Requested by 124, 10336, 4, true, 0
09-13 20:14:36.662  4751  4751 I SDHMS:LOAD: type: LoadsFreqs, value: 0:0:0:1098624:1766400:1056000:1098624:1766400:1056000:600:600:600
